---
source: crates/llm/src/golden_tests.rs
description: src/tests/response/responses/stream.json
---
data: {"id":"","choices":[{"index":0,"delta":{"content":"Hello","role":"assistant"}}],"created":123,"model":"gpt-4.1-mini","service_tier":null,"system_fingerprint":null,"object":"chat.completion.chunk","usage":null}

data: {"id":"","choices":[{"index":0,"delta":{"content":null,"tool_calls":[{"index":0,"id":"call_xxx","type":"function","function":{"name":"get_weather"}}]}}],"created":123,"model":"gpt-4.1-mini","service_tier":null,"system_fingerprint":null,"object":"chat.completion.chunk","usage":null}

data: {"id":"","choices":[{"index":0,"delta":{"content":null,"tool_calls":[{"index":0,"id":null,"type":null,"function":{"arguments":"{\"loc"}}]}}],"created":123,"model":"gpt-4.1-mini","service_tier":null,"system_fingerprint":null,"object":"chat.completion.chunk","usage":null}

data: {"id":"","choices":[{"index":0,"delta":{"content":null,"tool_calls":[{"index":0,"id":null,"type":null,"function":{"arguments":"ation\":\"San Francisco\"}"}}]}}],"created":123,"model":"gpt-4.1-mini","service_tier":null,"system_fingerprint":null,"object":"chat.completion.chunk","usage":null}

data: {"id":"","choices":[{"index":0,"delta":{"content":null},"finish_reason":"tool_calls"}],"created":123,"model":"gpt-4.1-mini","service_tier":null,"system_fingerprint":null,"object":"chat.completion.chunk","usage":{"prompt_tokens":12,"completion_tokens":8,"total_tokens":20}}

data: [DONE]



{
  "input_tokens": 12,
  "output_tokens": 8,
  "total_tokens": 20,
  "reasoning_tokens": 0,
  "cached_input_tokens": 0,
  "provider_model": "gpt-4.1-mini",
  "completion": [
    "Hello"
  ],
  "output_messages": [
    {
      "role": "assistant",
      "content": [
        {
          "type": "tool_call",
          "id": "call_xxx",
          "name": "get_weather",
          "arguments": {
            "location": "San Francisco"
          }
        }
      ],
      "finish_reason": "tool_use"
    }
  ]
}
