---
source: crates/llm/src/golden_tests.rs
description: src/tests/response/anthropic/stream_thinking_unsigned.json
---
event: response.created
data: {"type":"response.created","sequence_number":0,"response":{"created_at":123,"id":"resp_msg_46cf65cabd309b38c26d70cb","model":"qwen3:4b","object":"response","output":[],"status":"in_progress"}}

event: response.in_progress
data: {"type":"response.in_progress","sequence_number":1,"response":{"created_at":123,"id":"resp_msg_46cf65cabd309b38c26d70cb","model":"qwen3:4b","object":"response","output":[],"status":"in_progress"}}

event: response.output_item.added
data: {"type":"response.output_item.added","sequence_number":2,"output_index":0,"item":{"type":"message","content":[],"id":"msg_msg_46cf65cabd309b38c26d70cb_1","role":"assistant","status":"in_progress"}}

event: response.content_part.added
data: {"type":"response.content_part.added","sequence_number":3,"item_id":"msg_msg_46cf65cabd309b38c26d70cb_1","output_index":0,"content_index":0,"part":{"type":"output_text","annotations":[],"logprobs":null,"text":""}}

event: response.output_text.delta
data: {"type":"response.output_text.delta","sequence_number":4,"item_id":"msg_msg_46cf65cabd309b38c26d70cb_1","output_index":0,"content_index":0,"delta":"1"}

event: response.output_text.delta
data: {"type":"response.output_text.delta","sequence_number":5,"item_id":"msg_msg_46cf65cabd309b38c26d70cb_1","output_index":0,"content_index":0,"delta":"4"}

event: response.output_text.delta
data: {"type":"response.output_text.delta","sequence_number":6,"item_id":"msg_msg_46cf65cabd309b38c26d70cb_1","output_index":0,"content_index":0,"delta":"4"}

event: response.output_text.done
data: {"type":"response.output_text.done","sequence_number":7,"item_id":"msg_msg_46cf65cabd309b38c26d70cb_1","output_index":0,"content_index":0,"text":"144","logprobs":null}

event: response.content_part.done
data: {"type":"response.content_part.done","sequence_number":8,"item_id":"msg_msg_46cf65cabd309b38c26d70cb_1","output_index":0,"content_index":0,"part":{"type":"output_text","annotations":[],"logprobs":null,"text":"144"}}

event: response.output_item.done
data: {"type":"response.output_item.done","sequence_number":9,"output_index":0,"item":{"type":"message","content":[{"type":"output_text","annotations":[],"logprobs":null,"text":"144"}],"id":"msg_msg_46cf65cabd309b38c26d70cb_1","role":"assistant","phase":"final_answer","status":"completed"}}

event: response.completed
data: {"type":"response.completed","sequence_number":10,"response":{"created_at":123,"id":"resp_msg_46cf65cabd309b38c26d70cb","model":"qwen3:4b","object":"response","output":[{"type":"message","content":[{"type":"output_text","annotations":[],"logprobs":null,"text":"144"}],"id":"msg_msg_46cf65cabd309b38c26d70cb_1","role":"assistant","phase":"final_answer","status":"completed"}],"status":"completed","usage":{"input_tokens":26,"input_tokens_details":{"cached_tokens":25,"cache_write_tokens":null},"output_tokens":387,"output_tokens_details":{"reasoning_tokens":0},"total_tokens":413}}}



{
  "input_tokens": 1,
  "output_tokens": 387,
  "total_tokens": 388,
  "cached_input_tokens": 25,
  "provider_model": "qwen3:4b",
  "completion": [
    "144"
  ]
}
