---
source: crates/llm/src/golden_tests.rs
description: src/tests/requests/completions/generation-config.json
info:
  model: gemini-2.5-pro
  messages:
    - role: system
      content: You are a helpful assistant.
    - role: user
      content: What is the weather?
  max_tokens: 1000
  temperature: 0.7
  top_p: 0.9
  top_k: 40
  n: 3
  stop:
    - "\n\n"
    - END
  presence_penalty: 0.1
  frequency_penalty: 0.2
  seed: 42
  response_format:
    type: json_object
  tool_choice:
    type: function
    function:
      name: get_weather
  tools:
    - type: function
      function:
        name: get_weather
        description: Get the current weather in a location
        parameters:
          type: object
          properties:
            location:
              type: string
          required:
            - location
---
{
  "request": {
    "input": [
      {
        "type": "message",
        "role": "user",
        "content": [
          {
            "type": "input_text",
            "text": "What is the weather?"
          }
        ]
      }
    ],
    "model": "gemini-2.5-pro",
    "max_output_tokens": 1000,
    "temperature": 0.7,
    "top_p": 0.9,
    "stream": false,
    "instructions": "You are a helpful assistant.",
    "text": {
      "format": {
        "type": "json_object"
      }
    },
    "tools": [
      {
        "type": "function",
        "name": "get_weather",
        "description": "Get the current weather in a location",
        "parameters": {
          "type": "object",
          "properties": {
            "location": {
              "type": "string"
            }
          },
          "required": [
            "location"
          ]
        }
      }
    ],
    "tool_choice": {
      "type": "function",
      "name": "get_weather"
    }
  },
  "parsed": {
    "input_format": "Completions",
    "cache_convention": "InputIncludesCache",
    "request_model": "gemini-2.5-pro",
    "provider": "responses",
    "streaming": false,
    "params": {
      "temperature": 0.699999988079071,
      "top_p": 0.8999999761581421,
      "frequency_penalty": 0.20000000298023224,
      "presence_penalty": 0.10000000149011612,
      "seed": 42,
      "max_tokens": 1000
    },
    "prompt": [
      {
        "role": "system",
        "content": "You are a helpful assistant."
      },
      {
        "role": "user",
        "content": "What is the weather?"
      }
    ]
  }
}
